// Jest Snapshot v1, https://goo.gl/fbAQLP

exports[`playerstack-pip-button Markup_Contract (Req 5.1, 5.2, 5.3) matches the rendered shadow markup snapshot 1`] = `"<button part="pip-button" type="button" aria-label="Picture in Picture"><span class="icon icon-enter-pip"><svg xmlns="http://www.w3.org/2000/svg" viewBox="0 0 36 36" fill="currentColor"><path d="M25 17H17v6H25zM29 25V10.981a1.989 1.989 0 0 0 -2 -1.981H9a1.989 1.989 0 0 0 -2 1.981V25c0 1.1 0.9 2 2 2h18c1.1 0 2 -0.9 2 -2m-2 0.019H9V10.969h18z"></path></svg></span><span class="icon icon-exit-pip"><svg xmlns="http://www.w3.org/2000/svg" viewBox="0 0 36 36" fill="currentColor"><path d="M25 17H17v6H25zM29 25V10.981a1.989 1.989 0 0 0 -2 -1.981H9a1.989 1.989 0 0 0 -2 1.981V25c0 1.1 0.9 2 2 2h18c1.1 0 2 -0.9 2 -2m-2 0.019H9V10.969h18z"></path></svg></span></button>"`;
