// Jest Snapshot v1, https://goo.gl/fbAQLP

exports[`playerstack-time-slider Markup_Contract (Req 5.1, 5.2, 5.3) matches the rendered shadow markup snapshot 1`] = `"<div part="time-slider"><div part="slider" aria-label="Seek"><div part="track"><div part="track-buffered" style="width: 0%;"></div><div part="track-hover"></div><div part="track-fill" style="width: 0%;"></div></div><div part="chapters" style="display: none;"></div><div part="thumb" style="left: 0%;"></div></div><div part="heatmap"><svg part="heatmap-svg" viewBox="0 0 100 100" preserveAspectRatio="none"><defs><clipPath id="playerstack-timeslider-heatmap-2"><rect x="0" y="0" width="0" height="100"></rect></clipPath></defs><path part="heatmap-path" d=""></path><path part="heatmap-path-played" clip-path="url(#playerstack-timeslider-heatmap-2)" d=""></path></svg></div><div part="tooltip"><div part="tooltip-chapter" style="display: none;"></div><div part="tooltip-time"></div></div><div part="timelens" style="display: none;"></div></div>"`;
