// Jest Snapshot v1, https://goo.gl/fbAQLP

exports[`playerstack-captions Markup_Contract (Req 5.1, 5.2, 5.3) matches the rendered shadow markup snapshot 1`] = `"<div part="captions" style="left: 50%; bottom: 56px;"><div part="caption-window" style="background-color: rgba(0, 0, 0, 0);"><span part="cue" style="white-space: pre-wrap; font-size: 16px; color: rgb(255, 255, 255); background-color: rgba(0, 0, 0, 0.75); text-shadow: none; font-family: sans-serif; font-variant: normal;">Hello</span></div></div>"`;
