// Jest Snapshot v1, https://goo.gl/fbAQLP

exports[`playerstack-double-tap Markup_Contract (Req 5.1, 5.2, 5.3) matches the rendered shadow markup snapshot 1`] = `"<div part="double-tap"><div part="double-tap-left"></div><div part="double-tap-right"></div><div part="skip-indicator"><div part="skip-indicator-icons"><span class="icon icon-skip-chevron"><svg xmlns="http://www.w3.org/2000/svg" viewBox="0 0 24 24" fill="#ccc"><path d="M8 5v14l11-7z"></path></svg></span><span class="icon icon-skip-chevron"><svg xmlns="http://www.w3.org/2000/svg" viewBox="0 0 24 24" fill="#ccc"><path d="M8 5v14l11-7z"></path></svg></span><span class="icon icon-skip-chevron"><svg xmlns="http://www.w3.org/2000/svg" viewBox="0 0 24 24" fill="#ccc"><path d="M8 5v14l11-7z"></path></svg></span></div><span part="skip-indicator-text"></span></div></div>"`;
